Removed Pin From Net: NetName=CNTD6 Pin=R1-1
Removed Pin From Net: NetName=+5 Pin=R1-2
Removed Pin From Net: NetName=CNTD5 Pin=R2-1
Removed Pin From Net: NetName=+5 Pin=R2-2
Removed Pin From Net: NetName=DDIN6 Pin=R3-1
Removed Pin From Net: NetName=GND Pin=R3-2
Removed Pin From Net: NetName=DDIN5 Pin=R4-1
Removed Pin From Net: NetName=GND Pin=R4-2
Removed Pin From Net: NetName=DDIN8 Pin=R5-1
Removed Pin From Net: NetName=GND Pin=R5-2
Removed Pin From Net: NetName=DDIN7 Pin=R6-1
Removed Pin From Net: NetName=GND Pin=R6-2
Removed Pin From Net: NetName=+5 Pin=R7-1
Removed Pin From Net: NetName=CNTD8 Pin=R7-2
Removed Pin From Net: NetName=+5 Pin=R8-1
Removed Pin From Net: NetName=CNTD7 Pin=R8-2
Removed Pin From Net: NetName=DDIN1 Pin=R29-1
Removed Pin From Net: NetName=GND Pin=R29-2
Removed Pin From Net: NetName=DDIN3 Pin=R30-1
Removed Pin From Net: NetName=GND Pin=R30-2
Removed Pin From Net: NetName=DDIN4 Pin=R31-1
Removed Pin From Net: NetName=GND Pin=R31-2
Removed Pin From Net: NetName=CNTD3 Pin=R32-1
Removed Pin From Net: NetName=+5 Pin=R32-2
Removed Pin From Net: NetName=CNTD4 Pin=R33-1
Removed Pin From Net: NetName=+5 Pin=R33-2
Removed Pin From Net: NetName=CNTD1 Pin=R34-1
Removed Pin From Net: NetName=+5 Pin=R34-2
Removed Pin From Net: NetName=CNTD2 Pin=R35-1
Removed Pin From Net: NetName=+5 Pin=R35-2
Removed Pin From Net: NetName=GND Pin=R36-2
Added Component: Designator=R1(TH_Resistor_vertical)
Add component. Clean all parameters for all variants
Add component (AddParameter): Name = "VAL"; Value = "10k"; VariantName = "[No Variations]"
Added Component: Designator=R2(TH_Resistor_vertical)
Add component. Clean all parameters for all variants
Add component (AddParameter): Name = "VAL"; Value = "10k"; VariantName = "[No Variations]"
Added Component: Designator=R3(TH_Resistor_vertical)
Add component. Clean all parameters for all variants
Add component (AddParameter): Name = "VAL"; Value = "10k"; VariantName = "[No Variations]"
Added Component: Designator=R4(TH_Resistor_vertical)
Add component. Clean all parameters for all variants
Add component (AddParameter): Name = "VAL"; Value = "10k"; VariantName = "[No Variations]"
Added Component: Designator=R5(TH_Resistor_vertical)
Add component. Clean all parameters for all variants
Add component (AddParameter): Name = "VAL"; Value = "10k"; VariantName = "[No Variations]"
Added Component: Designator=R6(TH_Resistor_vertical)
Add component. Clean all parameters for all variants
Add component (AddParameter): Name = "VAL"; Value = "10k"; VariantName = "[No Variations]"
Added Component: Designator=R7(TH_Resistor_vertical)
Add component. Clean all parameters for all variants
Add component (AddParameter): Name = "VAL"; Value = "10k"; VariantName = "[No Variations]"
Added Component: Designator=R8(TH_Resistor_vertical)
Add component. Clean all parameters for all variants
Add component (AddParameter): Name = "VAL"; Value = "10k"; VariantName = "[No Variations]"
Added Component: Designator=R29(TH_Resistor_vertical)
Add component. Clean all parameters for all variants
Add component (AddParameter): Name = "VAL"; Value = "10k"; VariantName = "[No Variations]"
Added Component: Designator=R30(TH_Resistor_vertical)
Add component. Clean all parameters for all variants
Add component (AddParameter): Name = "VAL"; Value = "10k"; VariantName = "[No Variations]"
Added Component: Designator=R31(TH_Resistor_vertical)
Add component. Clean all parameters for all variants
Add component (AddParameter): Name = "VAL"; Value = "10k"; VariantName = "[No Variations]"
Added Component: Designator=R32(TH_Resistor_vertical)
Add component. Clean all parameters for all variants
Add component (AddParameter): Name = "VAL"; Value = "10k"; VariantName = "[No Variations]"
Added Component: Designator=R33(TH_Resistor_vertical)
Add component. Clean all parameters for all variants
Add component (AddParameter): Name = "VAL"; Value = "10k"; VariantName = "[No Variations]"
Added Component: Designator=R34(TH_Resistor_vertical)
Add component. Clean all parameters for all variants
Add component (AddParameter): Name = "VAL"; Value = "10k"; VariantName = "[No Variations]"
Added Component: Designator=R35(TH_Resistor_vertical)
Add component. Clean all parameters for all variants
Add component (AddParameter): Name = "VAL"; Value = "10k"; VariantName = "[No Variations]"
Added Component: Designator=R36(TH_Resistor_vertical)
Add component. Clean all parameters for all variants
Add component (AddParameter): Name = "VAL"; Value = "10k"; VariantName = "[No Variations]"
Added Pin To Net: NetName=CNTD6 Pin=R1-1
Added Pin To Net: NetName=+5 Pin=R1-2
Added Pin To Net: NetName=CNTD5 Pin=R2-1
Added Pin To Net: NetName=+5 Pin=R2-2
Added Pin To Net: NetName=DDIN6 Pin=R3-1
Added Pin To Net: NetName=GND Pin=R3-2
Added Pin To Net: NetName=DDIN5 Pin=R4-1
Added Pin To Net: NetName=GND Pin=R4-2
Added Pin To Net: NetName=DDIN8 Pin=R5-1
Added Pin To Net: NetName=GND Pin=R5-2
Added Pin To Net: NetName=DDIN7 Pin=R6-1
Added Pin To Net: NetName=GND Pin=R6-2
Added Pin To Net: NetName=CNTD8 Pin=R7-1
Added Pin To Net: NetName=+5 Pin=R7-2
Added Pin To Net: NetName=CNTD7 Pin=R8-1
Added Pin To Net: NetName=+5 Pin=R8-2
Added Pin To Net: NetName=GND Pin=R29-1
Added Pin To Net: NetName=DDIN1 Pin=R29-2
Added Pin To Net: NetName=GND Pin=R30-1
Added Pin To Net: NetName=DDIN3 Pin=R30-2
Added Pin To Net: NetName=GND Pin=R31-1
Added Pin To Net: NetName=DDIN4 Pin=R31-2
Added Pin To Net: NetName=+5 Pin=R32-1
Added Pin To Net: NetName=CNTD3 Pin=R32-2
Added Pin To Net: NetName=+5 Pin=R33-1
Added Pin To Net: NetName=CNTD4 Pin=R33-2
Added Pin To Net: NetName=+5 Pin=R34-1
Added Pin To Net: NetName=CNTD1 Pin=R34-2
Added Pin To Net: NetName=+5 Pin=R35-1
Added Pin To Net: NetName=CNTD2 Pin=R35-2
Added Pin To Net: NetName=GND Pin=R36-1
Added Pin To Net: NetName=DDIN2 Pin=R36-2
Added Member To Class: ClassName=MAIN_BOARD Member=Component R9 Res_virtical
Added Member To Class: ClassName=MAIN_BOARD Member=Component R10 Res_virtical
Added Member To Class: ClassName=MAIN_BOARD Member=Component R11 Res_virtical
Added Member To Class: ClassName=MAIN_BOARD Member=Component R12 Res_virtical
Added Member To Class: ClassName=MAIN_BOARD Member=Component R13 Res_virtical
Added Member To Class: ClassName=MAIN_BOARD Member=Component R14 Res_virtical
Added Member To Class: ClassName=MAIN_BOARD Member=Component R15 Res_virtical
Added Member To Class: ClassName=MAIN_BOARD Member=Component R16 Res_virtical
Added Member To Class: ClassName=MAIN_BOARD Member=Component R20 Res_virtical
Added Member To Class: ClassName=MAIN_BOARD Member=Component R21 Res_virtical
Added Member To Class: ClassName=MAIN_BOARD Member=Component R22 Res_virtical
Added Member To Class: ClassName=MAIN_BOARD Member=Component R23 Res_virtical
Added Member To Class: ClassName=MAIN_BOARD Member=Component R24 Res_virtical
Added Member To Class: ClassName=MAIN_BOARD Member=Component R25 Res_virtical
Added Member To Class: ClassName=MAIN_BOARD Member=Component R26 Res_virtical
Added Member To Class: ClassName=MAIN_BOARD Member=Component R27 Res_virtical
Added Room: Name=MAIN_BOARD
