Removed Pin From Net: NetName=GND Pin=C1-1
Removed Pin From Net: NetName=+5 Pin=C1-2
Removed Pin From Net: NetName=GND Pin=C2-1
Removed Pin From Net: NetName=NetC2_2 Pin=C2-2
Removed Pin From Net: NetName=GND Pin=C3-1
Removed Pin From Net: NetName=NetC3_2 Pin=C3-2
Change Component Designator: OldDesignator=R? NewDesignator=R17
Change Component Designator: OldDesignator=R? NewDesignator=R18
Added Component: Designator=C1(Cornell_Dubilier_SK010M050ST_0 - duplicate)
Add component. Clean all parameters for all variants
Add component (AddParameter): Name = "val"; Value = "0.1uf"; VariantName = "[No Variations]"
Added Component: Designator=C2(Cornell_Dubilier_SK010M050ST_0 - duplicate)
Add component. Clean all parameters for all variants
Add component (AddParameter): Name = "val"; Value = "0.01uf"; VariantName = "[No Variations]"
Added Component: Designator=C3(Cornell_Dubilier_SK010M050ST_0 - duplicate)
Add component. Clean all parameters for all variants
Add component (AddParameter): Name = "val"; Value = "1uf"; VariantName = "[No Variations]"
Added Pin To Net: NetName=GND Pin=C1-1
Added Pin To Net: NetName=+5 Pin=C1-2
Added Pin To Net: NetName=GND Pin=C2-1
Added Pin To Net: NetName=NetC2_2 Pin=C2-2
Added Pin To Net: NetName=GND Pin=C3-1
Added Pin To Net: NetName=NetC3_2 Pin=C3-2
Change Net Name : Old Net Name=NetR19_3 New Net Name=NetR18_1
Change Net Name : Old Net Name=NetR?_1 New Net Name=NetR17_1
Added Member To Class: ClassName=MAIN_BOARD Member=Component R18 Res_virtical
Added Room: Name=MAIN_BOARD
