Change Component Designator: Old Designator=AIN_D? New Designator=AIN_D4
Change Component Designator: Old Designator=AIN_Q? New Designator=AIN_Q4
Change Component Designator: Old Designator=AIN_R? New Designator=AIN_R4
Change Component Designator: Old Designator=AIN_RD? New Designator=AIN_RD4
Change Component Designator: Old Designator=BIN_D? New Designator=BIN_D3
Change Component Designator: Old Designator=BIN_Q? New Designator=BIN_Q3
Change Component Designator: Old Designator=BIN_R? New Designator=BIN_R3
Change Component Designator: Old Designator=BIN_RD? New Designator=BIN_RD3
Change Component Designator: Old Designator=Q? New Designator=Q8
Change Component Designator: Old Designator=Q? New Designator=Q9
Change Component Designator: Old Designator=Q? New Designator=Q10
Change Component Designator: Old Designator=Q? New Designator=Q11
Change Component Designator: Old Designator=Q? New Designator=Q12
Change Component Designator: Old Designator=R? New Designator=R15
Change Component Designator: Old Designator=R? New Designator=R16
Change Component Designator: Old Designator=R? New Designator=R17
Change Component Designator: Old Designator=R? New Designator=R18
Change Component Designator: Old Designator=R? New Designator=R19
Change Component Designator: Old Designator=R? New Designator=R20
Change Component Designator: Old Designator=R? New Designator=R21
Change Component Designator: Old Designator=R? New Designator=R22
Change Component Designator: Old Designator=Y_D? New Designator=Y_D4
Change Component Designator: Old Designator=Y_Q? New Designator=Y_Q4
Change Component Designator: Old Designator=Y_R? New Designator=Y_R4
Change Component Designator: Old Designator=Y_RD? New Designator=Y_RD4
