Change Component Designator: Old Designator=AIN_D4 New Designator=AIN_D?
Change Component Designator: Old Designator=AIN_Q4 New Designator=AIN_Q?
Change Component Designator: Old Designator=AIN_R4 New Designator=AIN_R?
Change Component Designator: Old Designator=AIN_RD4 New Designator=AIN_RD?
Change Component Designator: Old Designator=BIN_D3 New Designator=BIN_D?
Change Component Designator: Old Designator=BIN_Q3 New Designator=BIN_Q?
Change Component Designator: Old Designator=BIN_R3 New Designator=BIN_R?
Change Component Designator: Old Designator=BIN_RD3 New Designator=BIN_RD?
Change Component Designator: Old Designator=Q8 New Designator=Q?
Change Component Designator: Old Designator=Q9 New Designator=Q?
Change Component Designator: Old Designator=Q10 New Designator=Q?
Change Component Designator: Old Designator=Q11 New Designator=Q?
Change Component Designator: Old Designator=Q12 New Designator=Q?
Change Component Designator: Old Designator=R8 New Designator=R?
Change Component Designator: Old Designator=R9 New Designator=R?
Change Component Designator: Old Designator=R10 New Designator=R?
Change Component Designator: Old Designator=R11 New Designator=R?
Change Component Designator: Old Designator=R12 New Designator=R?
Change Component Designator: Old Designator=R13 New Designator=R?
Change Component Designator: Old Designator=R14 New Designator=R?
Change Component Designator: Old Designator=R15 New Designator=R?
Change Component Designator: Old Designator=Y_D4 New Designator=Y_D?
Change Component Designator: Old Designator=Y_Q4 New Designator=Y_Q?
Change Component Designator: Old Designator=Y_R4 New Designator=Y_R?
Change Component Designator: Old Designator=Y_RD4 New Designator=Y_RD?
